ERROR:main:Exception on /ui/get-user-history [GET]
Traceback (most recent call last):
  File "C:\Users\lilyb\Documents\Repositories\Capstone\PeerVault\.venv\Lib\site-packages\flask\app.py", line 1511, in wsgi_app
    response = self.full_dispatch_request()
               ^^^^^^^^^^^^^^^^^^^^^^^^^^^^
  File "C:\Users\lilyb\Documents\Repositories\Capstone\PeerVault\.venv\Lib\site-packages\flask\app.py", line 919, in full_dispatch_request
    rv = self.handle_user_exception(e)
         ^^^^^^^^^^^^^^^^^^^^^^^^^^^^^
  File "C:\Users\lilyb\Documents\Repositories\Capstone\PeerVault\.venv\Lib\site-packages\flask_cors\extension.py", line 176, in wrapped_function
    return cors_after_request(app.make_response(f(*args, **kwargs)))
                                                ^^^^^^^^^^^^^^^^^^
  File "C:\Users\lilyb\Documents\Repositories\Capstone\PeerVault\.venv\Lib\site-packages\flask\app.py", line 917, in full_dispatch_request
    rv = self.dispatch_request()
         ^^^^^^^^^^^^^^^^^^^^^^^
  File "C:\Users\lilyb\Documents\Repositories\Capstone\PeerVault\.venv\Lib\site-packages\flask\app.py", line 902, in dispatch_request
    return self.ensure_sync(self.view_functions[rule.endpoint])(**view_args)  # type: ignore[no-any-return]
           ^^^^^^^^^^^^^^^^^^^^^^^^^^^^^^^^^^^^^^^^^^^^^^^^^^^^^^^^^^^^^^^^^
  File "C:\Users\lilyb\Documents\Repositories\Capstone\PeerVault\backend\blueprints\funcs.py", line 17, in decorated_function
    return f(*args, **kwargs)
           ^^^^^^^^^^^^^^^^^^
  File "C:\Users\lilyb\Documents\Repositories\Capstone\PeerVault\backend\blueprints\frontend_interaction.py", line 809, in get_user_history
    if row[0] == user:
    ~~~^^^
IndexError: list index out of range
ERROR:main:Exception on /ui/get-user-history [GET]
Traceback (most recent call last):
  File "C:\Users\lilyb\Documents\Repositories\Capstone\PeerVault\.venv\Lib\site-packages\flask\app.py", line 1511, in wsgi_app
    response = self.full_dispatch_request()
               ^^^^^^^^^^^^^^^^^^^^^^^^^^^^
  File "C:\Users\lilyb\Documents\Repositories\Capstone\PeerVault\.venv\Lib\site-packages\flask\app.py", line 919, in full_dispatch_request
    rv = self.handle_user_exception(e)
         ^^^^^^^^^^^^^^^^^^^^^^^^^^^^^
  File "C:\Users\lilyb\Documents\Repositories\Capstone\PeerVault\.venv\Lib\site-packages\flask_cors\extension.py", line 176, in wrapped_function
    return cors_after_request(app.make_response(f(*args, **kwargs)))
                                                ^^^^^^^^^^^^^^^^^^
  File "C:\Users\lilyb\Documents\Repositories\Capstone\PeerVault\.venv\Lib\site-packages\flask\app.py", line 917, in full_dispatch_request
    rv = self.dispatch_request()
         ^^^^^^^^^^^^^^^^^^^^^^^
  File "C:\Users\lilyb\Documents\Repositories\Capstone\PeerVault\.venv\Lib\site-packages\flask\app.py", line 902, in dispatch_request
    return self.ensure_sync(self.view_functions[rule.endpoint])(**view_args)  # type: ignore[no-any-return]
           ^^^^^^^^^^^^^^^^^^^^^^^^^^^^^^^^^^^^^^^^^^^^^^^^^^^^^^^^^^^^^^^^^
  File "C:\Users\lilyb\Documents\Repositories\Capstone\PeerVault\backend\blueprints\funcs.py", line 17, in decorated_function
    return f(*args, **kwargs)
           ^^^^^^^^^^^^^^^^^^
  File "C:\Users\lilyb\Documents\Repositories\Capstone\PeerVault\backend\blueprints\frontend_interaction.py", line 809, in get_user_history
    if row[0] == user:
    ~~~^^^
IndexError: list index out of range
ERROR:main:Exception on /ui/get-user-history [GET]
Traceback (most recent call last):
  File "C:\Users\lilyb\Documents\Repositories\Capstone\PeerVault\.venv\Lib\site-packages\flask\app.py", line 1511, in wsgi_app
    response = self.full_dispatch_request()
               ^^^^^^^^^^^^^^^^^^^^^^^^^^^^
  File "C:\Users\lilyb\Documents\Repositories\Capstone\PeerVault\.venv\Lib\site-packages\flask\app.py", line 919, in full_dispatch_request
    rv = self.handle_user_exception(e)
         ^^^^^^^^^^^^^^^^^^^^^^^^^^^^^
  File "C:\Users\lilyb\Documents\Repositories\Capstone\PeerVault\.venv\Lib\site-packages\flask_cors\extension.py", line 176, in wrapped_function
    return cors_after_request(app.make_response(f(*args, **kwargs)))
                                                ^^^^^^^^^^^^^^^^^^
  File "C:\Users\lilyb\Documents\Repositories\Capstone\PeerVault\.venv\Lib\site-packages\flask\app.py", line 917, in full_dispatch_request
    rv = self.dispatch_request()
         ^^^^^^^^^^^^^^^^^^^^^^^
  File "C:\Users\lilyb\Documents\Repositories\Capstone\PeerVault\.venv\Lib\site-packages\flask\app.py", line 902, in dispatch_request
    return self.ensure_sync(self.view_functions[rule.endpoint])(**view_args)  # type: ignore[no-any-return]
           ^^^^^^^^^^^^^^^^^^^^^^^^^^^^^^^^^^^^^^^^^^^^^^^^^^^^^^^^^^^^^^^^^
  File "C:\Users\lilyb\Documents\Repositories\Capstone\PeerVault\backend\blueprints\funcs.py", line 17, in decorated_function
    return f(*args, **kwargs)
           ^^^^^^^^^^^^^^^^^^
  File "C:\Users\lilyb\Documents\Repositories\Capstone\PeerVault\backend\blueprints\frontend_interaction.py", line 809, in get_user_history
    if row[0] == user:
    ~~~^^^
IndexError: list index out of range
ERROR:main:Exception on /ui/get-user-history [GET]
Traceback (most recent call last):
  File "C:\Users\lilyb\Documents\Repositories\Capstone\PeerVault\.venv\Lib\site-packages\flask\app.py", line 1511, in wsgi_app
    response = self.full_dispatch_request()
               ^^^^^^^^^^^^^^^^^^^^^^^^^^^^
  File "C:\Users\lilyb\Documents\Repositories\Capstone\PeerVault\.venv\Lib\site-packages\flask\app.py", line 919, in full_dispatch_request
    rv = self.handle_user_exception(e)
         ^^^^^^^^^^^^^^^^^^^^^^^^^^^^^
  File "C:\Users\lilyb\Documents\Repositories\Capstone\PeerVault\.venv\Lib\site-packages\flask_cors\extension.py", line 176, in wrapped_function
    return cors_after_request(app.make_response(f(*args, **kwargs)))
                                                ^^^^^^^^^^^^^^^^^^
  File "C:\Users\lilyb\Documents\Repositories\Capstone\PeerVault\.venv\Lib\site-packages\flask\app.py", line 917, in full_dispatch_request
    rv = self.dispatch_request()
         ^^^^^^^^^^^^^^^^^^^^^^^
  File "C:\Users\lilyb\Documents\Repositories\Capstone\PeerVault\.venv\Lib\site-packages\flask\app.py", line 902, in dispatch_request
    return self.ensure_sync(self.view_functions[rule.endpoint])(**view_args)  # type: ignore[no-any-return]
           ^^^^^^^^^^^^^^^^^^^^^^^^^^^^^^^^^^^^^^^^^^^^^^^^^^^^^^^^^^^^^^^^^
  File "C:\Users\lilyb\Documents\Repositories\Capstone\PeerVault\backend\blueprints\funcs.py", line 17, in decorated_function
    return f(*args, **kwargs)
           ^^^^^^^^^^^^^^^^^^
  File "C:\Users\lilyb\Documents\Repositories\Capstone\PeerVault\backend\blueprints\frontend_interaction.py", line 809, in get_user_history
    if row[0] == user:
    ~~~^^^
IndexError: list index out of range
ERROR:main:Exception on /ui/get-user-history [GET]
Traceback (most recent call last):
  File "C:\Users\lilyb\Documents\Repositories\Capstone\PeerVault\.venv\Lib\site-packages\flask\app.py", line 1511, in wsgi_app
    response = self.full_dispatch_request()
               ^^^^^^^^^^^^^^^^^^^^^^^^^^^^
  File "C:\Users\lilyb\Documents\Repositories\Capstone\PeerVault\.venv\Lib\site-packages\flask\app.py", line 919, in full_dispatch_request
    rv = self.handle_user_exception(e)
         ^^^^^^^^^^^^^^^^^^^^^^^^^^^^^
  File "C:\Users\lilyb\Documents\Repositories\Capstone\PeerVault\.venv\Lib\site-packages\flask_cors\extension.py", line 176, in wrapped_function
    return cors_after_request(app.make_response(f(*args, **kwargs)))
                                                ^^^^^^^^^^^^^^^^^^
  File "C:\Users\lilyb\Documents\Repositories\Capstone\PeerVault\.venv\Lib\site-packages\flask\app.py", line 917, in full_dispatch_request
    rv = self.dispatch_request()
         ^^^^^^^^^^^^^^^^^^^^^^^
  File "C:\Users\lilyb\Documents\Repositories\Capstone\PeerVault\.venv\Lib\site-packages\flask\app.py", line 902, in dispatch_request
    return self.ensure_sync(self.view_functions[rule.endpoint])(**view_args)  # type: ignore[no-any-return]
           ^^^^^^^^^^^^^^^^^^^^^^^^^^^^^^^^^^^^^^^^^^^^^^^^^^^^^^^^^^^^^^^^^
  File "C:\Users\lilyb\Documents\Repositories\Capstone\PeerVault\backend\blueprints\funcs.py", line 17, in decorated_function
    return f(*args, **kwargs)
           ^^^^^^^^^^^^^^^^^^
  File "C:\Users\lilyb\Documents\Repositories\Capstone\PeerVault\backend\blueprints\frontend_interaction.py", line 839, in get_user_history
    all_user_data.append(
    ^^^^^^^^^^^^^
NameError: name 'all_user_data' is not defined
ERROR:main:Exception on /ui/get-user-history [GET]
Traceback (most recent call last):
  File "C:\Users\lilyb\Documents\Repositories\Capstone\PeerVault\.venv\Lib\site-packages\flask\app.py", line 1511, in wsgi_app
    response = self.full_dispatch_request()
               ^^^^^^^^^^^^^^^^^^^^^^^^^^^^
  File "C:\Users\lilyb\Documents\Repositories\Capstone\PeerVault\.venv\Lib\site-packages\flask\app.py", line 919, in full_dispatch_request
    rv = self.handle_user_exception(e)
         ^^^^^^^^^^^^^^^^^^^^^^^^^^^^^
  File "C:\Users\lilyb\Documents\Repositories\Capstone\PeerVault\.venv\Lib\site-packages\flask_cors\extension.py", line 176, in wrapped_function
    return cors_after_request(app.make_response(f(*args, **kwargs)))
                                                ^^^^^^^^^^^^^^^^^^
  File "C:\Users\lilyb\Documents\Repositories\Capstone\PeerVault\.venv\Lib\site-packages\flask\app.py", line 917, in full_dispatch_request
    rv = self.dispatch_request()
         ^^^^^^^^^^^^^^^^^^^^^^^
  File "C:\Users\lilyb\Documents\Repositories\Capstone\PeerVault\.venv\Lib\site-packages\flask\app.py", line 902, in dispatch_request
    return self.ensure_sync(self.view_functions[rule.endpoint])(**view_args)  # type: ignore[no-any-return]
           ^^^^^^^^^^^^^^^^^^^^^^^^^^^^^^^^^^^^^^^^^^^^^^^^^^^^^^^^^^^^^^^^^
  File "C:\Users\lilyb\Documents\Repositories\Capstone\PeerVault\backend\blueprints\funcs.py", line 17, in decorated_function
    return f(*args, **kwargs)
           ^^^^^^^^^^^^^^^^^^
  File "C:\Users\lilyb\Documents\Repositories\Capstone\PeerVault\backend\blueprints\frontend_interaction.py", line 839, in get_user_history
    all_user_data.append(
    ^^^^^^^^^^^^^
NameError: name 'all_user_data' is not defined
ERROR:main:Exception on /ui/get-user-history [GET]
Traceback (most recent call last):
  File "C:\Users\lilyb\Documents\Repositories\Capstone\PeerVault\.venv\Lib\site-packages\flask\app.py", line 1511, in wsgi_app
    response = self.full_dispatch_request()
               ^^^^^^^^^^^^^^^^^^^^^^^^^^^^
  File "C:\Users\lilyb\Documents\Repositories\Capstone\PeerVault\.venv\Lib\site-packages\flask\app.py", line 919, in full_dispatch_request
    rv = self.handle_user_exception(e)
         ^^^^^^^^^^^^^^^^^^^^^^^^^^^^^
  File "C:\Users\lilyb\Documents\Repositories\Capstone\PeerVault\.venv\Lib\site-packages\flask_cors\extension.py", line 176, in wrapped_function
    return cors_after_request(app.make_response(f(*args, **kwargs)))
                                                ^^^^^^^^^^^^^^^^^^
  File "C:\Users\lilyb\Documents\Repositories\Capstone\PeerVault\.venv\Lib\site-packages\flask\app.py", line 917, in full_dispatch_request
    rv = self.dispatch_request()
         ^^^^^^^^^^^^^^^^^^^^^^^
  File "C:\Users\lilyb\Documents\Repositories\Capstone\PeerVault\.venv\Lib\site-packages\flask\app.py", line 902, in dispatch_request
    return self.ensure_sync(self.view_functions[rule.endpoint])(**view_args)  # type: ignore[no-any-return]
           ^^^^^^^^^^^^^^^^^^^^^^^^^^^^^^^^^^^^^^^^^^^^^^^^^^^^^^^^^^^^^^^^^
  File "C:\Users\lilyb\Documents\Repositories\Capstone\PeerVault\backend\blueprints\funcs.py", line 17, in decorated_function
    return f(*args, **kwargs)
           ^^^^^^^^^^^^^^^^^^
  File "C:\Users\lilyb\Documents\Repositories\Capstone\PeerVault\backend\blueprints\frontend_interaction.py", line 841, in get_user_history
    {"user": user,
             ^^^^
NameError: name 'user' is not defined
ERROR:main:Exception on /ui/get-user-history [GET]
Traceback (most recent call last):
  File "C:\Users\lilyb\Documents\Repositories\Capstone\PeerVault\.venv\Lib\site-packages\flask\app.py", line 1511, in wsgi_app
    response = self.full_dispatch_request()
               ^^^^^^^^^^^^^^^^^^^^^^^^^^^^
  File "C:\Users\lilyb\Documents\Repositories\Capstone\PeerVault\.venv\Lib\site-packages\flask\app.py", line 919, in full_dispatch_request
    rv = self.handle_user_exception(e)
         ^^^^^^^^^^^^^^^^^^^^^^^^^^^^^
  File "C:\Users\lilyb\Documents\Repositories\Capstone\PeerVault\.venv\Lib\site-packages\flask_cors\extension.py", line 176, in wrapped_function
    return cors_after_request(app.make_response(f(*args, **kwargs)))
                                                ^^^^^^^^^^^^^^^^^^
  File "C:\Users\lilyb\Documents\Repositories\Capstone\PeerVault\.venv\Lib\site-packages\flask\app.py", line 917, in full_dispatch_request
    rv = self.dispatch_request()
         ^^^^^^^^^^^^^^^^^^^^^^^
  File "C:\Users\lilyb\Documents\Repositories\Capstone\PeerVault\.venv\Lib\site-packages\flask\app.py", line 902, in dispatch_request
    return self.ensure_sync(self.view_functions[rule.endpoint])(**view_args)  # type: ignore[no-any-return]
           ^^^^^^^^^^^^^^^^^^^^^^^^^^^^^^^^^^^^^^^^^^^^^^^^^^^^^^^^^^^^^^^^^
  File "C:\Users\lilyb\Documents\Repositories\Capstone\PeerVault\backend\blueprints\funcs.py", line 17, in decorated_function
    return f(*args, **kwargs)
           ^^^^^^^^^^^^^^^^^^
  File "C:\Users\lilyb\Documents\Repositories\Capstone\PeerVault\backend\blueprints\frontend_interaction.py", line 841, in get_user_history
    {"user": user,
             ^^^^
NameError: name 'user' is not defined
ERROR:main:Exception on /ui/get-user-history [GET]
Traceback (most recent call last):
  File "C:\Users\lilyb\Documents\Repositories\Capstone\PeerVault\.venv\Lib\site-packages\flask\app.py", line 1511, in wsgi_app
    response = self.full_dispatch_request()
               ^^^^^^^^^^^^^^^^^^^^^^^^^^^^
  File "C:\Users\lilyb\Documents\Repositories\Capstone\PeerVault\.venv\Lib\site-packages\flask\app.py", line 919, in full_dispatch_request
    rv = self.handle_user_exception(e)
         ^^^^^^^^^^^^^^^^^^^^^^^^^^^^^
  File "C:\Users\lilyb\Documents\Repositories\Capstone\PeerVault\.venv\Lib\site-packages\flask_cors\extension.py", line 176, in wrapped_function
    return cors_after_request(app.make_response(f(*args, **kwargs)))
                                                ^^^^^^^^^^^^^^^^^^
  File "C:\Users\lilyb\Documents\Repositories\Capstone\PeerVault\.venv\Lib\site-packages\flask\app.py", line 917, in full_dispatch_request
    rv = self.dispatch_request()
         ^^^^^^^^^^^^^^^^^^^^^^^
  File "C:\Users\lilyb\Documents\Repositories\Capstone\PeerVault\.venv\Lib\site-packages\flask\app.py", line 902, in dispatch_request
    return self.ensure_sync(self.view_functions[rule.endpoint])(**view_args)  # type: ignore[no-any-return]
           ^^^^^^^^^^^^^^^^^^^^^^^^^^^^^^^^^^^^^^^^^^^^^^^^^^^^^^^^^^^^^^^^^
  File "C:\Users\lilyb\Documents\Repositories\Capstone\PeerVault\backend\blueprints\funcs.py", line 17, in decorated_function
    return f(*args, **kwargs)
           ^^^^^^^^^^^^^^^^^^
  File "C:\Users\lilyb\Documents\Repositories\Capstone\PeerVault\backend\blueprints\frontend_interaction.py", line 843, in get_user_history
    "history" : user_data
                ^^^^^^^^^
NameError: name 'user_data' is not defined
ERROR:main:Exception on /ui/get-user-history [GET]
Traceback (most recent call last):
  File "C:\Users\lilyb\Documents\Repositories\Capstone\PeerVault\.venv\Lib\site-packages\flask\app.py", line 1511, in wsgi_app
    response = self.full_dispatch_request()
               ^^^^^^^^^^^^^^^^^^^^^^^^^^^^
  File "C:\Users\lilyb\Documents\Repositories\Capstone\PeerVault\.venv\Lib\site-packages\flask\app.py", line 919, in full_dispatch_request
    rv = self.handle_user_exception(e)
         ^^^^^^^^^^^^^^^^^^^^^^^^^^^^^
  File "C:\Users\lilyb\Documents\Repositories\Capstone\PeerVault\.venv\Lib\site-packages\flask_cors\extension.py", line 176, in wrapped_function
    return cors_after_request(app.make_response(f(*args, **kwargs)))
                                                ^^^^^^^^^^^^^^^^^^
  File "C:\Users\lilyb\Documents\Repositories\Capstone\PeerVault\.venv\Lib\site-packages\flask\app.py", line 917, in full_dispatch_request
    rv = self.dispatch_request()
         ^^^^^^^^^^^^^^^^^^^^^^^
  File "C:\Users\lilyb\Documents\Repositories\Capstone\PeerVault\.venv\Lib\site-packages\flask\app.py", line 902, in dispatch_request
    return self.ensure_sync(self.view_functions[rule.endpoint])(**view_args)  # type: ignore[no-any-return]
           ^^^^^^^^^^^^^^^^^^^^^^^^^^^^^^^^^^^^^^^^^^^^^^^^^^^^^^^^^^^^^^^^^
  File "C:\Users\lilyb\Documents\Repositories\Capstone\PeerVault\backend\blueprints\funcs.py", line 17, in decorated_function
    return f(*args, **kwargs)
           ^^^^^^^^^^^^^^^^^^
  File "C:\Users\lilyb\Documents\Repositories\Capstone\PeerVault\backend\blueprints\frontend_interaction.py", line 843, in get_user_history
    "history" : user_data
                ^^^^^^^^^
NameError: name 'user_data' is not defined
ERROR:main:Exception on /ui/get-user-history [GET]
Traceback (most recent call last):
  File "C:\Users\lilyb\Documents\Repositories\Capstone\PeerVault\.venv\Lib\site-packages\flask\app.py", line 1511, in wsgi_app
    response = self.full_dispatch_request()
               ^^^^^^^^^^^^^^^^^^^^^^^^^^^^
  File "C:\Users\lilyb\Documents\Repositories\Capstone\PeerVault\.venv\Lib\site-packages\flask\app.py", line 919, in full_dispatch_request
    rv = self.handle_user_exception(e)
         ^^^^^^^^^^^^^^^^^^^^^^^^^^^^^
  File "C:\Users\lilyb\Documents\Repositories\Capstone\PeerVault\.venv\Lib\site-packages\flask_cors\extension.py", line 176, in wrapped_function
    return cors_after_request(app.make_response(f(*args, **kwargs)))
                                                ^^^^^^^^^^^^^^^^^^
  File "C:\Users\lilyb\Documents\Repositories\Capstone\PeerVault\.venv\Lib\site-packages\flask\app.py", line 917, in full_dispatch_request
    rv = self.dispatch_request()
         ^^^^^^^^^^^^^^^^^^^^^^^
  File "C:\Users\lilyb\Documents\Repositories\Capstone\PeerVault\.venv\Lib\site-packages\flask\app.py", line 902, in dispatch_request
    return self.ensure_sync(self.view_functions[rule.endpoint])(**view_args)  # type: ignore[no-any-return]
           ^^^^^^^^^^^^^^^^^^^^^^^^^^^^^^^^^^^^^^^^^^^^^^^^^^^^^^^^^^^^^^^^^
  File "C:\Users\lilyb\Documents\Repositories\Capstone\PeerVault\backend\blueprints\funcs.py", line 17, in decorated_function
    return f(*args, **kwargs)
           ^^^^^^^^^^^^^^^^^^
  File "C:\Users\lilyb\Documents\Repositories\Capstone\PeerVault\backend\blueprints\frontend_interaction.py", line 808, in get_user_history
    if row[0] == user:
    ~~~^^^
IndexError: list index out of range
ERROR:main:Exception on /ui/get-user-history [GET]
Traceback (most recent call last):
  File "C:\Users\lilyb\Documents\Repositories\Capstone\PeerVault\.venv\Lib\site-packages\flask\app.py", line 1511, in wsgi_app
    response = self.full_dispatch_request()
               ^^^^^^^^^^^^^^^^^^^^^^^^^^^^
  File "C:\Users\lilyb\Documents\Repositories\Capstone\PeerVault\.venv\Lib\site-packages\flask\app.py", line 919, in full_dispatch_request
    rv = self.handle_user_exception(e)
         ^^^^^^^^^^^^^^^^^^^^^^^^^^^^^
  File "C:\Users\lilyb\Documents\Repositories\Capstone\PeerVault\.venv\Lib\site-packages\flask_cors\extension.py", line 176, in wrapped_function
    return cors_after_request(app.make_response(f(*args, **kwargs)))
                                                ^^^^^^^^^^^^^^^^^^
  File "C:\Users\lilyb\Documents\Repositories\Capstone\PeerVault\.venv\Lib\site-packages\flask\app.py", line 917, in full_dispatch_request
    rv = self.dispatch_request()
         ^^^^^^^^^^^^^^^^^^^^^^^
  File "C:\Users\lilyb\Documents\Repositories\Capstone\PeerVault\.venv\Lib\site-packages\flask\app.py", line 902, in dispatch_request
    return self.ensure_sync(self.view_functions[rule.endpoint])(**view_args)  # type: ignore[no-any-return]
           ^^^^^^^^^^^^^^^^^^^^^^^^^^^^^^^^^^^^^^^^^^^^^^^^^^^^^^^^^^^^^^^^^
  File "C:\Users\lilyb\Documents\Repositories\Capstone\PeerVault\backend\blueprints\funcs.py", line 17, in decorated_function
    return f(*args, **kwargs)
           ^^^^^^^^^^^^^^^^^^
  File "C:\Users\lilyb\Documents\Repositories\Capstone\PeerVault\backend\blueprints\frontend_interaction.py", line 808, in get_user_history
    if row[0] == user:
    ~~~^^^
IndexError: list index out of range
ERROR:main:Exception on /ui/get-num-requests [GET]
Traceback (most recent call last):
  File "C:\Users\lilyb\Documents\Repositories\Capstone\PeerVault\.venv\Lib\site-packages\flask\app.py", line 1511, in wsgi_app
    response = self.full_dispatch_request()
               ^^^^^^^^^^^^^^^^^^^^^^^^^^^^
  File "C:\Users\lilyb\Documents\Repositories\Capstone\PeerVault\.venv\Lib\site-packages\flask\app.py", line 920, in full_dispatch_request
    return self.finalize_request(rv)
           ^^^^^^^^^^^^^^^^^^^^^^^^^
  File "C:\Users\lilyb\Documents\Repositories\Capstone\PeerVault\.venv\Lib\site-packages\flask\app.py", line 939, in finalize_request
    response = self.make_response(rv)
               ^^^^^^^^^^^^^^^^^^^^^^
  File "C:\Users\lilyb\Documents\Repositories\Capstone\PeerVault\.venv\Lib\site-packages\flask\app.py", line 1212, in make_response
    raise TypeError(
TypeError: The view function for 'frontend_interaction.get_num_requests' did not return a valid response. The function either returned None or ended without a return statement.
ERROR:main:Exception on /ui/get-num-requests [GET]
Traceback (most recent call last):
  File "C:\Users\lilyb\Documents\Repositories\Capstone\PeerVault\.venv\Lib\site-packages\flask\app.py", line 1511, in wsgi_app
    response = self.full_dispatch_request()
               ^^^^^^^^^^^^^^^^^^^^^^^^^^^^
  File "C:\Users\lilyb\Documents\Repositories\Capstone\PeerVault\.venv\Lib\site-packages\flask\app.py", line 920, in full_dispatch_request
    return self.finalize_request(rv)
           ^^^^^^^^^^^^^^^^^^^^^^^^^
  File "C:\Users\lilyb\Documents\Repositories\Capstone\PeerVault\.venv\Lib\site-packages\flask\app.py", line 939, in finalize_request
    response = self.make_response(rv)
               ^^^^^^^^^^^^^^^^^^^^^^
  File "C:\Users\lilyb\Documents\Repositories\Capstone\PeerVault\.venv\Lib\site-packages\flask\app.py", line 1212, in make_response
    raise TypeError(
TypeError: The view function for 'frontend_interaction.get_num_requests' did not return a valid response. The function either returned None or ended without a return statement.
ERROR:main:Exception on /ui/get-num-requests [GET]
Traceback (most recent call last):
  File "C:\Users\lilyb\Documents\Repositories\Capstone\PeerVault\.venv\Lib\site-packages\flask\app.py", line 1511, in wsgi_app
    response = self.full_dispatch_request()
               ^^^^^^^^^^^^^^^^^^^^^^^^^^^^
  File "C:\Users\lilyb\Documents\Repositories\Capstone\PeerVault\.venv\Lib\site-packages\flask\app.py", line 920, in full_dispatch_request
    return self.finalize_request(rv)
           ^^^^^^^^^^^^^^^^^^^^^^^^^
  File "C:\Users\lilyb\Documents\Repositories\Capstone\PeerVault\.venv\Lib\site-packages\flask\app.py", line 939, in finalize_request
    response = self.make_response(rv)
               ^^^^^^^^^^^^^^^^^^^^^^
  File "C:\Users\lilyb\Documents\Repositories\Capstone\PeerVault\.venv\Lib\site-packages\flask\app.py", line 1212, in make_response
    raise TypeError(
TypeError: The view function for 'frontend_interaction.get_num_requests' did not return a valid response. The function either returned None or ended without a return statement.
ERROR:main:Exception on /ui/get-num-requests [GET]
Traceback (most recent call last):
  File "C:\Users\lilyb\Documents\Repositories\Capstone\PeerVault\.venv\Lib\site-packages\flask\app.py", line 1511, in wsgi_app
    response = self.full_dispatch_request()
               ^^^^^^^^^^^^^^^^^^^^^^^^^^^^
  File "C:\Users\lilyb\Documents\Repositories\Capstone\PeerVault\.venv\Lib\site-packages\flask\app.py", line 920, in full_dispatch_request
    return self.finalize_request(rv)
           ^^^^^^^^^^^^^^^^^^^^^^^^^
  File "C:\Users\lilyb\Documents\Repositories\Capstone\PeerVault\.venv\Lib\site-packages\flask\app.py", line 939, in finalize_request
    response = self.make_response(rv)
               ^^^^^^^^^^^^^^^^^^^^^^
  File "C:\Users\lilyb\Documents\Repositories\Capstone\PeerVault\.venv\Lib\site-packages\flask\app.py", line 1212, in make_response
    raise TypeError(
TypeError: The view function for 'frontend_interaction.get_num_requests' did not return a valid response. The function either returned None or ended without a return statement.
ERROR:main:Exception on /ui/get-num-requests [GET]
Traceback (most recent call last):
  File "C:\Users\lilyb\Documents\Repositories\Capstone\PeerVault\.venv\Lib\site-packages\flask\app.py", line 1511, in wsgi_app
    response = self.full_dispatch_request()
               ^^^^^^^^^^^^^^^^^^^^^^^^^^^^
  File "C:\Users\lilyb\Documents\Repositories\Capstone\PeerVault\.venv\Lib\site-packages\flask\app.py", line 920, in full_dispatch_request
    return self.finalize_request(rv)
           ^^^^^^^^^^^^^^^^^^^^^^^^^
  File "C:\Users\lilyb\Documents\Repositories\Capstone\PeerVault\.venv\Lib\site-packages\flask\app.py", line 939, in finalize_request
    response = self.make_response(rv)
               ^^^^^^^^^^^^^^^^^^^^^^
  File "C:\Users\lilyb\Documents\Repositories\Capstone\PeerVault\.venv\Lib\site-packages\flask\app.py", line 1212, in make_response
    raise TypeError(
TypeError: The view function for 'frontend_interaction.get_num_requests' did not return a valid response. The function either returned None or ended without a return statement.
ERROR:main:Exception on /ui/upload-data [POST]
Traceback (most recent call last):
  File "C:\Users\lilyb\Documents\Repositories\Capstone\PeerVault\.venv\Lib\site-packages\flask\app.py", line 1511, in wsgi_app
    response = self.full_dispatch_request()
               ^^^^^^^^^^^^^^^^^^^^^^^^^^^^
  File "C:\Users\lilyb\Documents\Repositories\Capstone\PeerVault\.venv\Lib\site-packages\flask\app.py", line 919, in full_dispatch_request
    rv = self.handle_user_exception(e)
         ^^^^^^^^^^^^^^^^^^^^^^^^^^^^^
  File "C:\Users\lilyb\Documents\Repositories\Capstone\PeerVault\.venv\Lib\site-packages\flask_cors\extension.py", line 176, in wrapped_function
    return cors_after_request(app.make_response(f(*args, **kwargs)))
                                                ^^^^^^^^^^^^^^^^^^
  File "C:\Users\lilyb\Documents\Repositories\Capstone\PeerVault\.venv\Lib\site-packages\flask\app.py", line 917, in full_dispatch_request
    rv = self.dispatch_request()
         ^^^^^^^^^^^^^^^^^^^^^^^
  File "C:\Users\lilyb\Documents\Repositories\Capstone\PeerVault\.venv\Lib\site-packages\flask\app.py", line 902, in dispatch_request
    return self.ensure_sync(self.view_functions[rule.endpoint])(**view_args)  # type: ignore[no-any-return]
           ^^^^^^^^^^^^^^^^^^^^^^^^^^^^^^^^^^^^^^^^^^^^^^^^^^^^^^^^^^^^^^^^^
  File "C:\Users\lilyb\Documents\Repositories\Capstone\PeerVault\backend\blueprints\funcs.py", line 17, in decorated_function
    return f(*args, **kwargs)
           ^^^^^^^^^^^^^^^^^^
  File "C:\Users\lilyb\Documents\Repositories\Capstone\PeerVault\backend\blueprints\frontend_interaction.py", line 801, in upload_data
    file_name = request_body.get(request_body.get('file_name', None))
                ^^^^^^^^^^^^^^^^^^^^^^^^^^^^^^^^^^^^^^^^^^^^^^^^^^^^^
TypeError: unhashable type: 'dict'
ERROR:main:Exception on /ui/upload-data [POST]
Traceback (most recent call last):
  File "C:\Users\lilyb\Documents\Repositories\Capstone\PeerVault\.venv\Lib\site-packages\flask\app.py", line 1511, in wsgi_app
    response = self.full_dispatch_request()
               ^^^^^^^^^^^^^^^^^^^^^^^^^^^^
  File "C:\Users\lilyb\Documents\Repositories\Capstone\PeerVault\.venv\Lib\site-packages\flask\app.py", line 919, in full_dispatch_request
    rv = self.handle_user_exception(e)
         ^^^^^^^^^^^^^^^^^^^^^^^^^^^^^
  File "C:\Users\lilyb\Documents\Repositories\Capstone\PeerVault\.venv\Lib\site-packages\flask_cors\extension.py", line 176, in wrapped_function
    return cors_after_request(app.make_response(f(*args, **kwargs)))
                                                ^^^^^^^^^^^^^^^^^^
  File "C:\Users\lilyb\Documents\Repositories\Capstone\PeerVault\.venv\Lib\site-packages\flask\app.py", line 917, in full_dispatch_request
    rv = self.dispatch_request()
         ^^^^^^^^^^^^^^^^^^^^^^^
  File "C:\Users\lilyb\Documents\Repositories\Capstone\PeerVault\.venv\Lib\site-packages\flask\app.py", line 902, in dispatch_request
    return self.ensure_sync(self.view_functions[rule.endpoint])(**view_args)  # type: ignore[no-any-return]
           ^^^^^^^^^^^^^^^^^^^^^^^^^^^^^^^^^^^^^^^^^^^^^^^^^^^^^^^^^^^^^^^^^
  File "C:\Users\lilyb\Documents\Repositories\Capstone\PeerVault\backend\blueprints\funcs.py", line 17, in decorated_function
    return f(*args, **kwargs)
           ^^^^^^^^^^^^^^^^^^
  File "C:\Users\lilyb\Documents\Repositories\Capstone\PeerVault\backend\blueprints\frontend_interaction.py", line 806, in upload_data
    fileBytes = file.json()[file]
                ^^^^^^^^^
AttributeError: 'dict' object has no attribute 'json'
ERROR:main:Exception on /ui/upload-data [POST]
Traceback (most recent call last):
  File "C:\Users\lilyb\Documents\Repositories\Capstone\PeerVault\.venv\Lib\site-packages\flask\app.py", line 1511, in wsgi_app
    response = self.full_dispatch_request()
               ^^^^^^^^^^^^^^^^^^^^^^^^^^^^
  File "C:\Users\lilyb\Documents\Repositories\Capstone\PeerVault\.venv\Lib\site-packages\flask\app.py", line 919, in full_dispatch_request
    rv = self.handle_user_exception(e)
         ^^^^^^^^^^^^^^^^^^^^^^^^^^^^^
  File "C:\Users\lilyb\Documents\Repositories\Capstone\PeerVault\.venv\Lib\site-packages\flask_cors\extension.py", line 176, in wrapped_function
    return cors_after_request(app.make_response(f(*args, **kwargs)))
                                                ^^^^^^^^^^^^^^^^^^
  File "C:\Users\lilyb\Documents\Repositories\Capstone\PeerVault\.venv\Lib\site-packages\flask\app.py", line 917, in full_dispatch_request
    rv = self.dispatch_request()
         ^^^^^^^^^^^^^^^^^^^^^^^
  File "C:\Users\lilyb\Documents\Repositories\Capstone\PeerVault\.venv\Lib\site-packages\flask\app.py", line 902, in dispatch_request
    return self.ensure_sync(self.view_functions[rule.endpoint])(**view_args)  # type: ignore[no-any-return]
           ^^^^^^^^^^^^^^^^^^^^^^^^^^^^^^^^^^^^^^^^^^^^^^^^^^^^^^^^^^^^^^^^^
  File "C:\Users\lilyb\Documents\Repositories\Capstone\PeerVault\backend\blueprints\funcs.py", line 17, in decorated_function
    return f(*args, **kwargs)
           ^^^^^^^^^^^^^^^^^^
  File "C:\Users\lilyb\Documents\Repositories\Capstone\PeerVault\backend\blueprints\frontend_interaction.py", line 806, in upload_data
    fileBytes = file.json()[file]
                ^^^^^^^^^
AttributeError: 'dict' object has no attribute 'json'
ERROR:main:Exception on /ui/upload-data [POST]
Traceback (most recent call last):
  File "C:\Users\lilyb\Documents\Repositories\Capstone\PeerVault\.venv\Lib\site-packages\flask\app.py", line 1511, in wsgi_app
    response = self.full_dispatch_request()
               ^^^^^^^^^^^^^^^^^^^^^^^^^^^^
  File "C:\Users\lilyb\Documents\Repositories\Capstone\PeerVault\.venv\Lib\site-packages\flask\app.py", line 919, in full_dispatch_request
    rv = self.handle_user_exception(e)
         ^^^^^^^^^^^^^^^^^^^^^^^^^^^^^
  File "C:\Users\lilyb\Documents\Repositories\Capstone\PeerVault\.venv\Lib\site-packages\flask_cors\extension.py", line 176, in wrapped_function
    return cors_after_request(app.make_response(f(*args, **kwargs)))
                                                ^^^^^^^^^^^^^^^^^^
  File "C:\Users\lilyb\Documents\Repositories\Capstone\PeerVault\.venv\Lib\site-packages\flask\app.py", line 917, in full_dispatch_request
    rv = self.dispatch_request()
         ^^^^^^^^^^^^^^^^^^^^^^^
  File "C:\Users\lilyb\Documents\Repositories\Capstone\PeerVault\.venv\Lib\site-packages\flask\app.py", line 902, in dispatch_request
    return self.ensure_sync(self.view_functions[rule.endpoint])(**view_args)  # type: ignore[no-any-return]
           ^^^^^^^^^^^^^^^^^^^^^^^^^^^^^^^^^^^^^^^^^^^^^^^^^^^^^^^^^^^^^^^^^
  File "C:\Users\lilyb\Documents\Repositories\Capstone\PeerVault\backend\blueprints\funcs.py", line 17, in decorated_function
    return f(*args, **kwargs)
           ^^^^^^^^^^^^^^^^^^
  File "C:\Users\lilyb\Documents\Repositories\Capstone\PeerVault\backend\blueprints\frontend_interaction.py", line 809, in upload_data
    date = datetime.now().tostring()
           ^^^^^^^^^^^^
AttributeError: module 'datetime' has no attribute 'now'
ERROR:main:Exception on /ui/upload-data [POST]
Traceback (most recent call last):
  File "C:\Users\lilyb\Documents\Repositories\Capstone\PeerVault\.venv\Lib\site-packages\flask\app.py", line 1511, in wsgi_app
    response = self.full_dispatch_request()
               ^^^^^^^^^^^^^^^^^^^^^^^^^^^^
  File "C:\Users\lilyb\Documents\Repositories\Capstone\PeerVault\.venv\Lib\site-packages\flask\app.py", line 919, in full_dispatch_request
    rv = self.handle_user_exception(e)
         ^^^^^^^^^^^^^^^^^^^^^^^^^^^^^
  File "C:\Users\lilyb\Documents\Repositories\Capstone\PeerVault\.venv\Lib\site-packages\flask_cors\extension.py", line 176, in wrapped_function
    return cors_after_request(app.make_response(f(*args, **kwargs)))
                                                ^^^^^^^^^^^^^^^^^^
  File "C:\Users\lilyb\Documents\Repositories\Capstone\PeerVault\.venv\Lib\site-packages\flask\app.py", line 917, in full_dispatch_request
    rv = self.dispatch_request()
         ^^^^^^^^^^^^^^^^^^^^^^^
  File "C:\Users\lilyb\Documents\Repositories\Capstone\PeerVault\.venv\Lib\site-packages\flask\app.py", line 902, in dispatch_request
    return self.ensure_sync(self.view_functions[rule.endpoint])(**view_args)  # type: ignore[no-any-return]
           ^^^^^^^^^^^^^^^^^^^^^^^^^^^^^^^^^^^^^^^^^^^^^^^^^^^^^^^^^^^^^^^^^
  File "C:\Users\lilyb\Documents\Repositories\Capstone\PeerVault\backend\blueprints\funcs.py", line 17, in decorated_function
    return f(*args, **kwargs)
           ^^^^^^^^^^^^^^^^^^
  File "C:\Users\lilyb\Documents\Repositories\Capstone\PeerVault\backend\blueprints\frontend_interaction.py", line 809, in upload_data
    now = datetime.date()
          ^^^^^^^^^^^^^^^
TypeError: function missing required argument 'year' (pos 1)
ERROR:main:Exception on /ui/upload-data [POST]
Traceback (most recent call last):
  File "C:\Users\lilyb\Documents\Repositories\Capstone\PeerVault\.venv\Lib\site-packages\flask\app.py", line 1511, in wsgi_app
    response = self.full_dispatch_request()
               ^^^^^^^^^^^^^^^^^^^^^^^^^^^^
  File "C:\Users\lilyb\Documents\Repositories\Capstone\PeerVault\.venv\Lib\site-packages\flask\app.py", line 919, in full_dispatch_request
    rv = self.handle_user_exception(e)
         ^^^^^^^^^^^^^^^^^^^^^^^^^^^^^
  File "C:\Users\lilyb\Documents\Repositories\Capstone\PeerVault\.venv\Lib\site-packages\flask_cors\extension.py", line 176, in wrapped_function
    return cors_after_request(app.make_response(f(*args, **kwargs)))
                                                ^^^^^^^^^^^^^^^^^^
  File "C:\Users\lilyb\Documents\Repositories\Capstone\PeerVault\.venv\Lib\site-packages\flask\app.py", line 917, in full_dispatch_request
    rv = self.dispatch_request()
         ^^^^^^^^^^^^^^^^^^^^^^^
  File "C:\Users\lilyb\Documents\Repositories\Capstone\PeerVault\.venv\Lib\site-packages\flask\app.py", line 902, in dispatch_request
    return self.ensure_sync(self.view_functions[rule.endpoint])(**view_args)  # type: ignore[no-any-return]
           ^^^^^^^^^^^^^^^^^^^^^^^^^^^^^^^^^^^^^^^^^^^^^^^^^^^^^^^^^^^^^^^^^
  File "C:\Users\lilyb\Documents\Repositories\Capstone\PeerVault\backend\blueprints\funcs.py", line 17, in decorated_function
    return f(*args, **kwargs)
           ^^^^^^^^^^^^^^^^^^
  File "C:\Users\lilyb\Documents\Repositories\Capstone\PeerVault\backend\blueprints\frontend_interaction.py", line 806, in upload_data
    fileBytes = file.json()[file]
                ^^^^^^^^^
AttributeError: 'dict' object has no attribute 'json'
ERROR:main:Exception on /ui/upload-data [POST]
Traceback (most recent call last):
  File "C:\Users\lilyb\Documents\Repositories\Capstone\PeerVault\.venv\Lib\site-packages\flask\app.py", line 1511, in wsgi_app
    response = self.full_dispatch_request()
               ^^^^^^^^^^^^^^^^^^^^^^^^^^^^
  File "C:\Users\lilyb\Documents\Repositories\Capstone\PeerVault\.venv\Lib\site-packages\flask\app.py", line 919, in full_dispatch_request
    rv = self.handle_user_exception(e)
         ^^^^^^^^^^^^^^^^^^^^^^^^^^^^^
  File "C:\Users\lilyb\Documents\Repositories\Capstone\PeerVault\.venv\Lib\site-packages\flask_cors\extension.py", line 176, in wrapped_function
    return cors_after_request(app.make_response(f(*args, **kwargs)))
                                                ^^^^^^^^^^^^^^^^^^
  File "C:\Users\lilyb\Documents\Repositories\Capstone\PeerVault\.venv\Lib\site-packages\flask\app.py", line 917, in full_dispatch_request
    rv = self.dispatch_request()
         ^^^^^^^^^^^^^^^^^^^^^^^
  File "C:\Users\lilyb\Documents\Repositories\Capstone\PeerVault\.venv\Lib\site-packages\flask\app.py", line 902, in dispatch_request
    return self.ensure_sync(self.view_functions[rule.endpoint])(**view_args)  # type: ignore[no-any-return]
           ^^^^^^^^^^^^^^^^^^^^^^^^^^^^^^^^^^^^^^^^^^^^^^^^^^^^^^^^^^^^^^^^^
  File "C:\Users\lilyb\Documents\Repositories\Capstone\PeerVault\backend\blueprints\funcs.py", line 17, in decorated_function
    return f(*args, **kwargs)
           ^^^^^^^^^^^^^^^^^^
  File "C:\Users\lilyb\Documents\Repositories\Capstone\PeerVault\backend\blueprints\frontend_interaction.py", line 806, in upload_data
    fileBytes = json.loads(file)
                ^^^^^^^^^^^^^^^^
  File "C:\Program Files\WindowsApps\PythonSoftwareFoundation.Python.3.11_3.11.2544.0_x64__qbz5n2kfra8p0\Lib\json\__init__.py", line 339, in loads
    raise TypeError(f'the JSON object must be str, bytes or bytearray, '
TypeError: the JSON object must be str, bytes or bytearray, not dict
ERROR:main:Exception on /ui/upload-data [POST]
Traceback (most recent call last):
  File "C:\Users\lilyb\Documents\Repositories\Capstone\PeerVault\.venv\Lib\site-packages\flask\app.py", line 1511, in wsgi_app
    response = self.full_dispatch_request()
               ^^^^^^^^^^^^^^^^^^^^^^^^^^^^
  File "C:\Users\lilyb\Documents\Repositories\Capstone\PeerVault\.venv\Lib\site-packages\flask\app.py", line 920, in full_dispatch_request
    return self.finalize_request(rv)
           ^^^^^^^^^^^^^^^^^^^^^^^^^
  File "C:\Users\lilyb\Documents\Repositories\Capstone\PeerVault\.venv\Lib\site-packages\flask\app.py", line 939, in finalize_request
    response = self.make_response(rv)
               ^^^^^^^^^^^^^^^^^^^^^^
  File "C:\Users\lilyb\Documents\Repositories\Capstone\PeerVault\.venv\Lib\site-packages\flask\app.py", line 1212, in make_response
    raise TypeError(
TypeError: The view function for 'frontend_interaction.upload_data' did not return a valid response. The function either returned None or ended without a return statement.
ERROR:main:Exception on /ui/upload-data [POST]
Traceback (most recent call last):
  File "C:\Users\lilyb\Documents\Repositories\Capstone\PeerVault\.venv\Lib\site-packages\flask\app.py", line 1511, in wsgi_app
    response = self.full_dispatch_request()
               ^^^^^^^^^^^^^^^^^^^^^^^^^^^^
  File "C:\Users\lilyb\Documents\Repositories\Capstone\PeerVault\.venv\Lib\site-packages\flask\app.py", line 920, in full_dispatch_request
    return self.finalize_request(rv)
           ^^^^^^^^^^^^^^^^^^^^^^^^^
  File "C:\Users\lilyb\Documents\Repositories\Capstone\PeerVault\.venv\Lib\site-packages\flask\app.py", line 939, in finalize_request
    response = self.make_response(rv)
               ^^^^^^^^^^^^^^^^^^^^^^
  File "C:\Users\lilyb\Documents\Repositories\Capstone\PeerVault\.venv\Lib\site-packages\flask\app.py", line 1212, in make_response
    raise TypeError(
TypeError: The view function for 'frontend_interaction.upload_data' did not return a valid response. The function either returned None or ended without a return statement.
ERROR:main:Exception on /ui/upload-data [POST]
Traceback (most recent call last):
  File "C:\Users\lilyb\Documents\Repositories\Capstone\PeerVault\.venv\Lib\site-packages\flask\app.py", line 1511, in wsgi_app
    response = self.full_dispatch_request()
               ^^^^^^^^^^^^^^^^^^^^^^^^^^^^
  File "C:\Users\lilyb\Documents\Repositories\Capstone\PeerVault\.venv\Lib\site-packages\flask\app.py", line 920, in full_dispatch_request
    return self.finalize_request(rv)
           ^^^^^^^^^^^^^^^^^^^^^^^^^
  File "C:\Users\lilyb\Documents\Repositories\Capstone\PeerVault\.venv\Lib\site-packages\flask\app.py", line 939, in finalize_request
    response = self.make_response(rv)
               ^^^^^^^^^^^^^^^^^^^^^^
  File "C:\Users\lilyb\Documents\Repositories\Capstone\PeerVault\.venv\Lib\site-packages\flask\app.py", line 1212, in make_response
    raise TypeError(
TypeError: The view function for 'frontend_interaction.upload_data' did not return a valid response. The function either returned None or ended without a return statement.
ERROR:main:Exception on /ui/upload-data [POST]
Traceback (most recent call last):
  File "C:\Users\lilyb\Documents\Repositories\Capstone\PeerVault\.venv\Lib\site-packages\flask\app.py", line 1511, in wsgi_app
    response = self.full_dispatch_request()
               ^^^^^^^^^^^^^^^^^^^^^^^^^^^^
  File "C:\Users\lilyb\Documents\Repositories\Capstone\PeerVault\.venv\Lib\site-packages\flask\app.py", line 920, in full_dispatch_request
    return self.finalize_request(rv)
           ^^^^^^^^^^^^^^^^^^^^^^^^^
  File "C:\Users\lilyb\Documents\Repositories\Capstone\PeerVault\.venv\Lib\site-packages\flask\app.py", line 939, in finalize_request
    response = self.make_response(rv)
               ^^^^^^^^^^^^^^^^^^^^^^
  File "C:\Users\lilyb\Documents\Repositories\Capstone\PeerVault\.venv\Lib\site-packages\flask\app.py", line 1212, in make_response
    raise TypeError(
TypeError: The view function for 'frontend_interaction.upload_data' did not return a valid response. The function either returned None or ended without a return statement.
ERROR:main:Exception on /ui/upload-data [POST]
Traceback (most recent call last):
  File "C:\Users\lilyb\Documents\Repositories\Capstone\PeerVault\.venv\Lib\site-packages\flask\app.py", line 1511, in wsgi_app
    response = self.full_dispatch_request()
               ^^^^^^^^^^^^^^^^^^^^^^^^^^^^
  File "C:\Users\lilyb\Documents\Repositories\Capstone\PeerVault\.venv\Lib\site-packages\flask\app.py", line 920, in full_dispatch_request
    return self.finalize_request(rv)
           ^^^^^^^^^^^^^^^^^^^^^^^^^
  File "C:\Users\lilyb\Documents\Repositories\Capstone\PeerVault\.venv\Lib\site-packages\flask\app.py", line 939, in finalize_request
    response = self.make_response(rv)
               ^^^^^^^^^^^^^^^^^^^^^^
  File "C:\Users\lilyb\Documents\Repositories\Capstone\PeerVault\.venv\Lib\site-packages\flask\app.py", line 1212, in make_response
    raise TypeError(
TypeError: The view function for 'frontend_interaction.upload_data' did not return a valid response. The function either returned None or ended without a return statement.
ERROR:main:Exception on /ui/upload-data [POST]
Traceback (most recent call last):
  File "C:\Users\lilyb\Documents\Repositories\Capstone\PeerVault\.venv\Lib\site-packages\flask\app.py", line 1511, in wsgi_app
    response = self.full_dispatch_request()
               ^^^^^^^^^^^^^^^^^^^^^^^^^^^^
  File "C:\Users\lilyb\Documents\Repositories\Capstone\PeerVault\.venv\Lib\site-packages\flask\app.py", line 920, in full_dispatch_request
    return self.finalize_request(rv)
           ^^^^^^^^^^^^^^^^^^^^^^^^^
  File "C:\Users\lilyb\Documents\Repositories\Capstone\PeerVault\.venv\Lib\site-packages\flask\app.py", line 939, in finalize_request
    response = self.make_response(rv)
               ^^^^^^^^^^^^^^^^^^^^^^
  File "C:\Users\lilyb\Documents\Repositories\Capstone\PeerVault\.venv\Lib\site-packages\flask\app.py", line 1212, in make_response
    raise TypeError(
TypeError: The view function for 'frontend_interaction.upload_data' did not return a valid response. The function either returned None or ended without a return statement.
ERROR:main:Exception on /ui/upload-data [POST]
Traceback (most recent call last):
  File "C:\Users\lilyb\Documents\Repositories\Capstone\PeerVault\.venv\Lib\site-packages\flask\app.py", line 1511, in wsgi_app
    response = self.full_dispatch_request()
               ^^^^^^^^^^^^^^^^^^^^^^^^^^^^
  File "C:\Users\lilyb\Documents\Repositories\Capstone\PeerVault\.venv\Lib\site-packages\flask\app.py", line 920, in full_dispatch_request
    return self.finalize_request(rv)
           ^^^^^^^^^^^^^^^^^^^^^^^^^
  File "C:\Users\lilyb\Documents\Repositories\Capstone\PeerVault\.venv\Lib\site-packages\flask\app.py", line 939, in finalize_request
    response = self.make_response(rv)
               ^^^^^^^^^^^^^^^^^^^^^^
  File "C:\Users\lilyb\Documents\Repositories\Capstone\PeerVault\.venv\Lib\site-packages\flask\app.py", line 1212, in make_response
    raise TypeError(
TypeError: The view function for 'frontend_interaction.upload_data' did not return a valid response. The function either returned None or ended without a return statement.
ERROR:main:Exception on /ui/upload-data [POST]
Traceback (most recent call last):
  File "C:\Users\lilyb\Documents\Repositories\Capstone\PeerVault\.venv\Lib\site-packages\flask\app.py", line 1511, in wsgi_app
    response = self.full_dispatch_request()
               ^^^^^^^^^^^^^^^^^^^^^^^^^^^^
  File "C:\Users\lilyb\Documents\Repositories\Capstone\PeerVault\.venv\Lib\site-packages\flask\app.py", line 920, in full_dispatch_request
    return self.finalize_request(rv)
           ^^^^^^^^^^^^^^^^^^^^^^^^^
  File "C:\Users\lilyb\Documents\Repositories\Capstone\PeerVault\.venv\Lib\site-packages\flask\app.py", line 939, in finalize_request
    response = self.make_response(rv)
               ^^^^^^^^^^^^^^^^^^^^^^
  File "C:\Users\lilyb\Documents\Repositories\Capstone\PeerVault\.venv\Lib\site-packages\flask\app.py", line 1212, in make_response
    raise TypeError(
TypeError: The view function for 'frontend_interaction.upload_data' did not return a valid response. The function either returned None or ended without a return statement.
ERROR:main:Exception on /ui/upload-data [POST]
Traceback (most recent call last):
  File "C:\Users\lilyb\Documents\Repositories\Capstone\PeerVault\.venv\Lib\site-packages\flask\app.py", line 1511, in wsgi_app
    response = self.full_dispatch_request()
               ^^^^^^^^^^^^^^^^^^^^^^^^^^^^
  File "C:\Users\lilyb\Documents\Repositories\Capstone\PeerVault\.venv\Lib\site-packages\flask\app.py", line 920, in full_dispatch_request
    return self.finalize_request(rv)
           ^^^^^^^^^^^^^^^^^^^^^^^^^
  File "C:\Users\lilyb\Documents\Repositories\Capstone\PeerVault\.venv\Lib\site-packages\flask\app.py", line 939, in finalize_request
    response = self.make_response(rv)
               ^^^^^^^^^^^^^^^^^^^^^^
  File "C:\Users\lilyb\Documents\Repositories\Capstone\PeerVault\.venv\Lib\site-packages\flask\app.py", line 1212, in make_response
    raise TypeError(
TypeError: The view function for 'frontend_interaction.upload_data' did not return a valid response. The function either returned None or ended without a return statement.
ERROR:main:Exception on /ui/upload-data [POST]
Traceback (most recent call last):
  File "C:\Users\lilyb\Documents\Repositories\Capstone\PeerVault\.venv\Lib\site-packages\flask\app.py", line 1511, in wsgi_app
    response = self.full_dispatch_request()
               ^^^^^^^^^^^^^^^^^^^^^^^^^^^^
  File "C:\Users\lilyb\Documents\Repositories\Capstone\PeerVault\.venv\Lib\site-packages\flask\app.py", line 920, in full_dispatch_request
    return self.finalize_request(rv)
           ^^^^^^^^^^^^^^^^^^^^^^^^^
  File "C:\Users\lilyb\Documents\Repositories\Capstone\PeerVault\.venv\Lib\site-packages\flask\app.py", line 939, in finalize_request
    response = self.make_response(rv)
               ^^^^^^^^^^^^^^^^^^^^^^
  File "C:\Users\lilyb\Documents\Repositories\Capstone\PeerVault\.venv\Lib\site-packages\flask\app.py", line 1212, in make_response
    raise TypeError(
TypeError: The view function for 'frontend_interaction.upload_data' did not return a valid response. The function either returned None or ended without a return statement.
ERROR:main:Exception on /ui/upload-data [POST]
Traceback (most recent call last):
  File "C:\Users\lilyb\Documents\Repositories\Capstone\PeerVault\.venv\Lib\site-packages\flask\app.py", line 1511, in wsgi_app
    response = self.full_dispatch_request()
               ^^^^^^^^^^^^^^^^^^^^^^^^^^^^
  File "C:\Users\lilyb\Documents\Repositories\Capstone\PeerVault\.venv\Lib\site-packages\flask\app.py", line 920, in full_dispatch_request
    return self.finalize_request(rv)
           ^^^^^^^^^^^^^^^^^^^^^^^^^
  File "C:\Users\lilyb\Documents\Repositories\Capstone\PeerVault\.venv\Lib\site-packages\flask\app.py", line 939, in finalize_request
    response = self.make_response(rv)
               ^^^^^^^^^^^^^^^^^^^^^^
  File "C:\Users\lilyb\Documents\Repositories\Capstone\PeerVault\.venv\Lib\site-packages\flask\app.py", line 1212, in make_response
    raise TypeError(
TypeError: The view function for 'frontend_interaction.upload_data' did not return a valid response. The function either returned None or ended without a return statement.
ERROR:main:Exception on /ui/upload-data [POST]
Traceback (most recent call last):
  File "C:\Users\lilyb\Documents\Repositories\Capstone\PeerVault\.venv\Lib\site-packages\flask\app.py", line 1511, in wsgi_app
    response = self.full_dispatch_request()
               ^^^^^^^^^^^^^^^^^^^^^^^^^^^^
  File "C:\Users\lilyb\Documents\Repositories\Capstone\PeerVault\.venv\Lib\site-packages\flask\app.py", line 920, in full_dispatch_request
    return self.finalize_request(rv)
           ^^^^^^^^^^^^^^^^^^^^^^^^^
  File "C:\Users\lilyb\Documents\Repositories\Capstone\PeerVault\.venv\Lib\site-packages\flask\app.py", line 939, in finalize_request
    response = self.make_response(rv)
               ^^^^^^^^^^^^^^^^^^^^^^
  File "C:\Users\lilyb\Documents\Repositories\Capstone\PeerVault\.venv\Lib\site-packages\flask\app.py", line 1212, in make_response
    raise TypeError(
TypeError: The view function for 'frontend_interaction.upload_data' did not return a valid response. The function either returned None or ended without a return statement.
ERROR:main:Exception on /ui/upload-data [POST]
Traceback (most recent call last):
  File "C:\Users\lilyb\Documents\Repositories\Capstone\PeerVault\.venv\Lib\site-packages\flask\app.py", line 1511, in wsgi_app
    response = self.full_dispatch_request()
               ^^^^^^^^^^^^^^^^^^^^^^^^^^^^
  File "C:\Users\lilyb\Documents\Repositories\Capstone\PeerVault\.venv\Lib\site-packages\flask\app.py", line 920, in full_dispatch_request
    return self.finalize_request(rv)
           ^^^^^^^^^^^^^^^^^^^^^^^^^
  File "C:\Users\lilyb\Documents\Repositories\Capstone\PeerVault\.venv\Lib\site-packages\flask\app.py", line 939, in finalize_request
    response = self.make_response(rv)
               ^^^^^^^^^^^^^^^^^^^^^^
  File "C:\Users\lilyb\Documents\Repositories\Capstone\PeerVault\.venv\Lib\site-packages\flask\app.py", line 1212, in make_response
    raise TypeError(
TypeError: The view function for 'frontend_interaction.upload_data' did not return a valid response. The function either returned None or ended without a return statement.
ERROR:main:Exception on /ui/upload-data [POST]
Traceback (most recent call last):
  File "C:\Users\lilyb\Documents\Repositories\Capstone\PeerVault\.venv\Lib\site-packages\flask\app.py", line 1511, in wsgi_app
    response = self.full_dispatch_request()
               ^^^^^^^^^^^^^^^^^^^^^^^^^^^^
  File "C:\Users\lilyb\Documents\Repositories\Capstone\PeerVault\.venv\Lib\site-packages\flask\app.py", line 920, in full_dispatch_request
    return self.finalize_request(rv)
           ^^^^^^^^^^^^^^^^^^^^^^^^^
  File "C:\Users\lilyb\Documents\Repositories\Capstone\PeerVault\.venv\Lib\site-packages\flask\app.py", line 939, in finalize_request
    response = self.make_response(rv)
               ^^^^^^^^^^^^^^^^^^^^^^
  File "C:\Users\lilyb\Documents\Repositories\Capstone\PeerVault\.venv\Lib\site-packages\flask\app.py", line 1212, in make_response
    raise TypeError(
TypeError: The view function for 'frontend_interaction.upload_data' did not return a valid response. The function either returned None or ended without a return statement.
ERROR:main:Exception on /ui/upload-data [POST]
Traceback (most recent call last):
  File "C:\Users\lilyb\Documents\Repositories\Capstone\PeerVault\.venv\Lib\site-packages\flask\app.py", line 1511, in wsgi_app
    response = self.full_dispatch_request()
               ^^^^^^^^^^^^^^^^^^^^^^^^^^^^
  File "C:\Users\lilyb\Documents\Repositories\Capstone\PeerVault\.venv\Lib\site-packages\flask\app.py", line 920, in full_dispatch_request
    return self.finalize_request(rv)
           ^^^^^^^^^^^^^^^^^^^^^^^^^
  File "C:\Users\lilyb\Documents\Repositories\Capstone\PeerVault\.venv\Lib\site-packages\flask\app.py", line 939, in finalize_request
    response = self.make_response(rv)
               ^^^^^^^^^^^^^^^^^^^^^^
  File "C:\Users\lilyb\Documents\Repositories\Capstone\PeerVault\.venv\Lib\site-packages\flask\app.py", line 1212, in make_response
    raise TypeError(
TypeError: The view function for 'frontend_interaction.upload_data' did not return a valid response. The function either returned None or ended without a return statement.
ERROR:main:Exception on /ui/upload-data [POST]
Traceback (most recent call last):
  File "C:\Users\lilyb\Documents\Repositories\Capstone\PeerVault\.venv\Lib\site-packages\flask\app.py", line 1511, in wsgi_app
    response = self.full_dispatch_request()
               ^^^^^^^^^^^^^^^^^^^^^^^^^^^^
  File "C:\Users\lilyb\Documents\Repositories\Capstone\PeerVault\.venv\Lib\site-packages\flask\app.py", line 920, in full_dispatch_request
    return self.finalize_request(rv)
           ^^^^^^^^^^^^^^^^^^^^^^^^^
  File "C:\Users\lilyb\Documents\Repositories\Capstone\PeerVault\.venv\Lib\site-packages\flask\app.py", line 939, in finalize_request
    response = self.make_response(rv)
               ^^^^^^^^^^^^^^^^^^^^^^
  File "C:\Users\lilyb\Documents\Repositories\Capstone\PeerVault\.venv\Lib\site-packages\flask\app.py", line 1212, in make_response
    raise TypeError(
TypeError: The view function for 'frontend_interaction.upload_data' did not return a valid response. The function either returned None or ended without a return statement.
ERROR:main:Exception on /ui/upload-data [POST]
Traceback (most recent call last):
  File "C:\Users\lilyb\Documents\Repositories\Capstone\PeerVault\.venv\Lib\site-packages\flask\app.py", line 1511, in wsgi_app
    response = self.full_dispatch_request()
               ^^^^^^^^^^^^^^^^^^^^^^^^^^^^
  File "C:\Users\lilyb\Documents\Repositories\Capstone\PeerVault\.venv\Lib\site-packages\flask\app.py", line 920, in full_dispatch_request
    return self.finalize_request(rv)
           ^^^^^^^^^^^^^^^^^^^^^^^^^
  File "C:\Users\lilyb\Documents\Repositories\Capstone\PeerVault\.venv\Lib\site-packages\flask\app.py", line 939, in finalize_request
    response = self.make_response(rv)
               ^^^^^^^^^^^^^^^^^^^^^^
  File "C:\Users\lilyb\Documents\Repositories\Capstone\PeerVault\.venv\Lib\site-packages\flask\app.py", line 1212, in make_response
    raise TypeError(
TypeError: The view function for 'frontend_interaction.upload_data' did not return a valid response. The function either returned None or ended without a return statement.
ERROR:main:Exception on /ui/upload-data [POST]
Traceback (most recent call last):
  File "C:\Users\lilyb\Documents\Repositories\Capstone\PeerVault\.venv\Lib\site-packages\flask\app.py", line 1511, in wsgi_app
    response = self.full_dispatch_request()
               ^^^^^^^^^^^^^^^^^^^^^^^^^^^^
  File "C:\Users\lilyb\Documents\Repositories\Capstone\PeerVault\.venv\Lib\site-packages\flask\app.py", line 920, in full_dispatch_request
    return self.finalize_request(rv)
           ^^^^^^^^^^^^^^^^^^^^^^^^^
  File "C:\Users\lilyb\Documents\Repositories\Capstone\PeerVault\.venv\Lib\site-packages\flask\app.py", line 939, in finalize_request
    response = self.make_response(rv)
               ^^^^^^^^^^^^^^^^^^^^^^
  File "C:\Users\lilyb\Documents\Repositories\Capstone\PeerVault\.venv\Lib\site-packages\flask\app.py", line 1212, in make_response
    raise TypeError(
TypeError: The view function for 'frontend_interaction.upload_data' did not return a valid response. The function either returned None or ended without a return statement.
ERROR:main:Exception on /ui/upload-data [POST]
Traceback (most recent call last):
  File "C:\Users\lilyb\Documents\Repositories\Capstone\PeerVault\.venv\Lib\site-packages\flask\app.py", line 1511, in wsgi_app
    response = self.full_dispatch_request()
               ^^^^^^^^^^^^^^^^^^^^^^^^^^^^
  File "C:\Users\lilyb\Documents\Repositories\Capstone\PeerVault\.venv\Lib\site-packages\flask\app.py", line 920, in full_dispatch_request
    return self.finalize_request(rv)
           ^^^^^^^^^^^^^^^^^^^^^^^^^
  File "C:\Users\lilyb\Documents\Repositories\Capstone\PeerVault\.venv\Lib\site-packages\flask\app.py", line 939, in finalize_request
    response = self.make_response(rv)
               ^^^^^^^^^^^^^^^^^^^^^^
  File "C:\Users\lilyb\Documents\Repositories\Capstone\PeerVault\.venv\Lib\site-packages\flask\app.py", line 1212, in make_response
    raise TypeError(
TypeError: The view function for 'frontend_interaction.upload_data' did not return a valid response. The function either returned None or ended without a return statement.
ERROR:main:Exception on /ui/upload-data [POST]
Traceback (most recent call last):
  File "C:\Users\lilyb\Documents\Repositories\Capstone\PeerVault\.venv\Lib\site-packages\flask\app.py", line 1511, in wsgi_app
    response = self.full_dispatch_request()
               ^^^^^^^^^^^^^^^^^^^^^^^^^^^^
  File "C:\Users\lilyb\Documents\Repositories\Capstone\PeerVault\.venv\Lib\site-packages\flask\app.py", line 920, in full_dispatch_request
    return self.finalize_request(rv)
           ^^^^^^^^^^^^^^^^^^^^^^^^^
  File "C:\Users\lilyb\Documents\Repositories\Capstone\PeerVault\.venv\Lib\site-packages\flask\app.py", line 939, in finalize_request
    response = self.make_response(rv)
               ^^^^^^^^^^^^^^^^^^^^^^
  File "C:\Users\lilyb\Documents\Repositories\Capstone\PeerVault\.venv\Lib\site-packages\flask\app.py", line 1212, in make_response
    raise TypeError(
TypeError: The view function for 'frontend_interaction.upload_data' did not return a valid response. The function either returned None or ended without a return statement.
ERROR:main:Exception on /ui/get-num-requests [GET]
Traceback (most recent call last):
  File "C:\Users\lilyb\Documents\Repositories\Capstone\PeerVault\.venv\Lib\site-packages\flask\app.py", line 1511, in wsgi_app
    response = self.full_dispatch_request()
               ^^^^^^^^^^^^^^^^^^^^^^^^^^^^
  File "C:\Users\lilyb\Documents\Repositories\Capstone\PeerVault\.venv\Lib\site-packages\flask\app.py", line 920, in full_dispatch_request
    return self.finalize_request(rv)
           ^^^^^^^^^^^^^^^^^^^^^^^^^
  File "C:\Users\lilyb\Documents\Repositories\Capstone\PeerVault\.venv\Lib\site-packages\flask\app.py", line 939, in finalize_request
    response = self.make_response(rv)
               ^^^^^^^^^^^^^^^^^^^^^^
  File "C:\Users\lilyb\Documents\Repositories\Capstone\PeerVault\.venv\Lib\site-packages\flask\app.py", line 1212, in make_response
    raise TypeError(
TypeError: The view function for 'frontend_interaction.get_num_requests' did not return a valid response. The function either returned None or ended without a return statement.
ERROR:main:Exception on /ui/get-num-requests [GET]
Traceback (most recent call last):
  File "C:\Users\lilyb\Documents\Repositories\Capstone\PeerVault\.venv\Lib\site-packages\flask\app.py", line 1511, in wsgi_app
    response = self.full_dispatch_request()
               ^^^^^^^^^^^^^^^^^^^^^^^^^^^^
  File "C:\Users\lilyb\Documents\Repositories\Capstone\PeerVault\.venv\Lib\site-packages\flask\app.py", line 920, in full_dispatch_request
    return self.finalize_request(rv)
           ^^^^^^^^^^^^^^^^^^^^^^^^^
  File "C:\Users\lilyb\Documents\Repositories\Capstone\PeerVault\.venv\Lib\site-packages\flask\app.py", line 939, in finalize_request
    response = self.make_response(rv)
               ^^^^^^^^^^^^^^^^^^^^^^
  File "C:\Users\lilyb\Documents\Repositories\Capstone\PeerVault\.venv\Lib\site-packages\flask\app.py", line 1212, in make_response
    raise TypeError(
TypeError: The view function for 'frontend_interaction.get_num_requests' did not return a valid response. The function either returned None or ended without a return statement.
ERROR:main:Exception on /ui/get-num-requests [GET]
Traceback (most recent call last):
  File "C:\Users\lilyb\Documents\Repositories\Capstone\PeerVault\.venv\Lib\site-packages\flask\app.py", line 1511, in wsgi_app
    response = self.full_dispatch_request()
               ^^^^^^^^^^^^^^^^^^^^^^^^^^^^
  File "C:\Users\lilyb\Documents\Repositories\Capstone\PeerVault\.venv\Lib\site-packages\flask\app.py", line 920, in full_dispatch_request
    return self.finalize_request(rv)
           ^^^^^^^^^^^^^^^^^^^^^^^^^
  File "C:\Users\lilyb\Documents\Repositories\Capstone\PeerVault\.venv\Lib\site-packages\flask\app.py", line 939, in finalize_request
    response = self.make_response(rv)
               ^^^^^^^^^^^^^^^^^^^^^^
  File "C:\Users\lilyb\Documents\Repositories\Capstone\PeerVault\.venv\Lib\site-packages\flask\app.py", line 1212, in make_response
    raise TypeError(
TypeError: The view function for 'frontend_interaction.get_num_requests' did not return a valid response. The function either returned None or ended without a return statement.
ERROR:main:Exception on /ui/get-sent-requests [GET]
Traceback (most recent call last):
  File "C:\Users\lilyb\Documents\Repositories\Capstone\PeerVault\.venv\Lib\site-packages\flask\app.py", line 1511, in wsgi_app
    response = self.full_dispatch_request()
               ^^^^^^^^^^^^^^^^^^^^^^^^^^^^
  File "C:\Users\lilyb\Documents\Repositories\Capstone\PeerVault\.venv\Lib\site-packages\flask\app.py", line 920, in full_dispatch_request
    return self.finalize_request(rv)
           ^^^^^^^^^^^^^^^^^^^^^^^^^
  File "C:\Users\lilyb\Documents\Repositories\Capstone\PeerVault\.venv\Lib\site-packages\flask\app.py", line 939, in finalize_request
    response = self.make_response(rv)
               ^^^^^^^^^^^^^^^^^^^^^^
  File "C:\Users\lilyb\Documents\Repositories\Capstone\PeerVault\.venv\Lib\site-packages\flask\app.py", line 1212, in make_response
    raise TypeError(
TypeError: The view function for 'frontend_interaction.get_sent_requests' did not return a valid response. The function either returned None or ended without a return statement.
ERROR:main:Exception on /ui/get-sent-requests [GET]
Traceback (most recent call last):
  File "C:\Users\lilyb\Documents\Repositories\Capstone\PeerVault\.venv\Lib\site-packages\flask\app.py", line 1511, in wsgi_app
    response = self.full_dispatch_request()
               ^^^^^^^^^^^^^^^^^^^^^^^^^^^^
  File "C:\Users\lilyb\Documents\Repositories\Capstone\PeerVault\.venv\Lib\site-packages\flask\app.py", line 920, in full_dispatch_request
    return self.finalize_request(rv)
           ^^^^^^^^^^^^^^^^^^^^^^^^^
  File "C:\Users\lilyb\Documents\Repositories\Capstone\PeerVault\.venv\Lib\site-packages\flask\app.py", line 939, in finalize_request
    response = self.make_response(rv)
               ^^^^^^^^^^^^^^^^^^^^^^
  File "C:\Users\lilyb\Documents\Repositories\Capstone\PeerVault\.venv\Lib\site-packages\flask\app.py", line 1212, in make_response
    raise TypeError(
TypeError: The view function for 'frontend_interaction.get_sent_requests' did not return a valid response. The function either returned None or ended without a return statement.
ERROR:main:Exception on /ui/get-sent-requests [GET]
Traceback (most recent call last):
  File "C:\Users\lilyb\Documents\Repositories\Capstone\PeerVault\.venv\Lib\site-packages\flask\app.py", line 1511, in wsgi_app
    response = self.full_dispatch_request()
               ^^^^^^^^^^^^^^^^^^^^^^^^^^^^
  File "C:\Users\lilyb\Documents\Repositories\Capstone\PeerVault\.venv\Lib\site-packages\flask\app.py", line 920, in full_dispatch_request
    return self.finalize_request(rv)
           ^^^^^^^^^^^^^^^^^^^^^^^^^
  File "C:\Users\lilyb\Documents\Repositories\Capstone\PeerVault\.venv\Lib\site-packages\flask\app.py", line 939, in finalize_request
    response = self.make_response(rv)
               ^^^^^^^^^^^^^^^^^^^^^^
  File "C:\Users\lilyb\Documents\Repositories\Capstone\PeerVault\.venv\Lib\site-packages\flask\app.py", line 1212, in make_response
    raise TypeError(
TypeError: The view function for 'frontend_interaction.get_sent_requests' did not return a valid response. The function either returned None or ended without a return statement.
ERROR:main:Exception on /ui/whoami [GET]
Traceback (most recent call last):
  File "C:\Users\lilyb\Documents\Repositories\Capstone\PeerVault\.venv\Lib\site-packages\flask\app.py", line 1511, in wsgi_app
    response = self.full_dispatch_request()
               ^^^^^^^^^^^^^^^^^^^^^^^^^^^^
  File "C:\Users\lilyb\Documents\Repositories\Capstone\PeerVault\.venv\Lib\site-packages\flask\app.py", line 919, in full_dispatch_request
    rv = self.handle_user_exception(e)
         ^^^^^^^^^^^^^^^^^^^^^^^^^^^^^
  File "C:\Users\lilyb\Documents\Repositories\Capstone\PeerVault\.venv\Lib\site-packages\flask_cors\extension.py", line 176, in wrapped_function
    return cors_after_request(app.make_response(f(*args, **kwargs)))
                                                ^^^^^^^^^^^^^^^^^^
  File "C:\Users\lilyb\Documents\Repositories\Capstone\PeerVault\.venv\Lib\site-packages\flask\app.py", line 917, in full_dispatch_request
    rv = self.dispatch_request()
         ^^^^^^^^^^^^^^^^^^^^^^^
  File "C:\Users\lilyb\Documents\Repositories\Capstone\PeerVault\.venv\Lib\site-packages\flask\app.py", line 902, in dispatch_request
    return self.ensure_sync(self.view_functions[rule.endpoint])(**view_args)  # type: ignore[no-any-return]
           ^^^^^^^^^^^^^^^^^^^^^^^^^^^^^^^^^^^^^^^^^^^^^^^^^^^^^^^^^^^^^^^^^
  File "C:\Users\lilyb\Documents\Repositories\Capstone\PeerVault\backend\blueprints\funcs.py", line 17, in decorated_function
    return f(*args, **kwargs)
           ^^^^^^^^^^^^^^^^^^
  File "C:\Users\lilyb\Documents\Repositories\Capstone\PeerVault\backend\blueprints\frontend_interaction.py", line 228, in whoami
    print(identity_config['IDENTITY']['COMMON_NAME'])
          ~~~~~~~~~~~~~~~^^^^^^^^^^^^
  File "C:\Program Files\WindowsApps\PythonSoftwareFoundation.Python.3.11_3.11.2544.0_x64__qbz5n2kfra8p0\Lib\configparser.py", line 979, in __getitem__
    raise KeyError(key)
KeyError: 'IDENTITY'
ERROR:main:Exception on /ui/signup [POST]
Traceback (most recent call last):
  File "C:\Users\lilyb\Documents\Repositories\Capstone\PeerVault\.venv\Lib\site-packages\flask\app.py", line 1511, in wsgi_app
    response = self.full_dispatch_request()
               ^^^^^^^^^^^^^^^^^^^^^^^^^^^^
  File "C:\Users\lilyb\Documents\Repositories\Capstone\PeerVault\.venv\Lib\site-packages\flask\app.py", line 919, in full_dispatch_request
    rv = self.handle_user_exception(e)
         ^^^^^^^^^^^^^^^^^^^^^^^^^^^^^
  File "C:\Users\lilyb\Documents\Repositories\Capstone\PeerVault\.venv\Lib\site-packages\flask_cors\extension.py", line 176, in wrapped_function
    return cors_after_request(app.make_response(f(*args, **kwargs)))
                                                ^^^^^^^^^^^^^^^^^^
  File "C:\Users\lilyb\Documents\Repositories\Capstone\PeerVault\.venv\Lib\site-packages\flask\app.py", line 917, in full_dispatch_request
    rv = self.dispatch_request()
         ^^^^^^^^^^^^^^^^^^^^^^^
  File "C:\Users\lilyb\Documents\Repositories\Capstone\PeerVault\.venv\Lib\site-packages\flask\app.py", line 902, in dispatch_request
    return self.ensure_sync(self.view_functions[rule.endpoint])(**view_args)  # type: ignore[no-any-return]
           ^^^^^^^^^^^^^^^^^^^^^^^^^^^^^^^^^^^^^^^^^^^^^^^^^^^^^^^^^^^^^^^^^
  File "C:\Users\lilyb\Documents\Repositories\Capstone\PeerVault\backend\blueprints\funcs.py", line 17, in decorated_function
    return f(*args, **kwargs)
           ^^^^^^^^^^^^^^^^^^
  File "C:\Users\lilyb\Documents\Repositories\Capstone\PeerVault\backend\blueprints\frontend_interaction.py", line 271, in signup
    if identity_config['IDENTITY']['COMMON_NAME']: abort(409)
       ~~~~~~~~~~~~~~~^^^^^^^^^^^^
  File "C:\Program Files\WindowsApps\PythonSoftwareFoundation.Python.3.11_3.11.2544.0_x64__qbz5n2kfra8p0\Lib\configparser.py", line 979, in __getitem__
    raise KeyError(key)
KeyError: 'IDENTITY'
ERROR:main:Exception on /ui/whoami [GET]
Traceback (most recent call last):
  File "C:\Users\lilyb\Documents\Repositories\Capstone\PeerVault\.venv\Lib\site-packages\flask\app.py", line 1511, in wsgi_app
    response = self.full_dispatch_request()
               ^^^^^^^^^^^^^^^^^^^^^^^^^^^^
  File "C:\Users\lilyb\Documents\Repositories\Capstone\PeerVault\.venv\Lib\site-packages\flask\app.py", line 919, in full_dispatch_request
    rv = self.handle_user_exception(e)
         ^^^^^^^^^^^^^^^^^^^^^^^^^^^^^
  File "C:\Users\lilyb\Documents\Repositories\Capstone\PeerVault\.venv\Lib\site-packages\flask_cors\extension.py", line 176, in wrapped_function
    return cors_after_request(app.make_response(f(*args, **kwargs)))
                                                ^^^^^^^^^^^^^^^^^^
  File "C:\Users\lilyb\Documents\Repositories\Capstone\PeerVault\.venv\Lib\site-packages\flask\app.py", line 917, in full_dispatch_request
    rv = self.dispatch_request()
         ^^^^^^^^^^^^^^^^^^^^^^^
  File "C:\Users\lilyb\Documents\Repositories\Capstone\PeerVault\.venv\Lib\site-packages\flask\app.py", line 902, in dispatch_request
    return self.ensure_sync(self.view_functions[rule.endpoint])(**view_args)  # type: ignore[no-any-return]
           ^^^^^^^^^^^^^^^^^^^^^^^^^^^^^^^^^^^^^^^^^^^^^^^^^^^^^^^^^^^^^^^^^
  File "C:\Users\lilyb\Documents\Repositories\Capstone\PeerVault\backend\blueprints\funcs.py", line 17, in decorated_function
    return f(*args, **kwargs)
           ^^^^^^^^^^^^^^^^^^
  File "C:\Users\lilyb\Documents\Repositories\Capstone\PeerVault\backend\blueprints\frontend_interaction.py", line 228, in whoami
    print(identity_config['IDENTITY']['COMMON_NAME'])
          ~~~~~~~~~~~~~~~^^^^^^^^^^^^
  File "C:\Program Files\WindowsApps\PythonSoftwareFoundation.Python.3.11_3.11.2544.0_x64__qbz5n2kfra8p0\Lib\configparser.py", line 979, in __getitem__
    raise KeyError(key)
KeyError: 'IDENTITY'
ERROR:main:Exception on /ui/whoami [GET]
Traceback (most recent call last):
  File "C:\Users\lilyb\Documents\Repositories\Capstone\PeerVault\.venv\Lib\site-packages\flask\app.py", line 1511, in wsgi_app
    response = self.full_dispatch_request()
               ^^^^^^^^^^^^^^^^^^^^^^^^^^^^
  File "C:\Users\lilyb\Documents\Repositories\Capstone\PeerVault\.venv\Lib\site-packages\flask\app.py", line 919, in full_dispatch_request
    rv = self.handle_user_exception(e)
         ^^^^^^^^^^^^^^^^^^^^^^^^^^^^^
  File "C:\Users\lilyb\Documents\Repositories\Capstone\PeerVault\.venv\Lib\site-packages\flask_cors\extension.py", line 176, in wrapped_function
    return cors_after_request(app.make_response(f(*args, **kwargs)))
                                                ^^^^^^^^^^^^^^^^^^
  File "C:\Users\lilyb\Documents\Repositories\Capstone\PeerVault\.venv\Lib\site-packages\flask\app.py", line 917, in full_dispatch_request
    rv = self.dispatch_request()
         ^^^^^^^^^^^^^^^^^^^^^^^
  File "C:\Users\lilyb\Documents\Repositories\Capstone\PeerVault\.venv\Lib\site-packages\flask\app.py", line 902, in dispatch_request
    return self.ensure_sync(self.view_functions[rule.endpoint])(**view_args)  # type: ignore[no-any-return]
           ^^^^^^^^^^^^^^^^^^^^^^^^^^^^^^^^^^^^^^^^^^^^^^^^^^^^^^^^^^^^^^^^^
  File "C:\Users\lilyb\Documents\Repositories\Capstone\PeerVault\backend\blueprints\funcs.py", line 17, in decorated_function
    return f(*args, **kwargs)
           ^^^^^^^^^^^^^^^^^^
  File "C:\Users\lilyb\Documents\Repositories\Capstone\PeerVault\backend\blueprints\frontend_interaction.py", line 228, in whoami
    print(identity_config['IDENTITY']['COMMON_NAME'])
          ~~~~~~~~~~~~~~~^^^^^^^^^^^^
  File "C:\Program Files\WindowsApps\PythonSoftwareFoundation.Python.3.11_3.11.2544.0_x64__qbz5n2kfra8p0\Lib\configparser.py", line 979, in __getitem__
    raise KeyError(key)
KeyError: 'IDENTITY'
